....                                                                     [100%]
4 passed in 0.90s
....                                                                     [100%]
- generated xml file: C:\Users\moham\OneDrive\Desktop\GitHub\infra\artifacts\junit.xml -
4 passed in 0.78s
